// Jest Snapshot v1, https://goo.gl/fbAQLP

exports[`icon render successfully 1`] = `
<svg
  className="mous-icon"
>
  <use
    xlinkHref="#wechat"
  />
</svg>
`;
